libtool: compile:  gcc -I. -I/vagrant/rexpro/ext -DPHP_ATOM_INC -I/vagrant/rexpro/ext/include -I/vagrant/rexpro/ext/main -I/vagrant/rexpro/ext -I/usr/include/php -I/usr/include/php/main -I/usr/include/php/TSRM -I/usr/include/php/Zend -I/usr/include/php/ext -I/usr/include/php/ext/date/lib -DHAVE_CONFIG_H -O2 -fvisibility=hidden -Wparentheses -DZEPHIR_RELEASE=1 -c /vagrant/rexpro/ext/rexpro/message.zep.c  -fPIC -DPIC -o rexpro/.libs/message.o
libtool: link: rm -fr  .libs/rexpro.la .libs/rexpro.lai .libs/rexpro.so
libtool: link: gcc -shared  .libs/rexpro.o kernel/.libs/main.o kernel/.libs/memory.o kernel/.libs/exception.o kernel/.libs/hash.o kernel/.libs/debug.o kernel/.libs/backtrace.o kernel/.libs/object.o kernel/.libs/array.o kernel/extended/.libs/array.o kernel/.libs/string.o kernel/.libs/fcall.o kernel/.libs/require.o kernel/.libs/file.o kernel/.libs/operators.o kernel/.libs/concat.o kernel/.libs/variables.o kernel/.libs/filter.o kernel/.libs/iterator.o kernel/.libs/exit.o rexpro/.libs/client.o rexpro/.libs/message.o      -Wl,-soname -Wl,rexpro.so -o .libs/rexpro.so
libtool: link: ( cd ".libs" && rm -f "rexpro.la" && ln -s "../rexpro.la" "rexpro.la" )
libtool: install: cp ./.libs/rexpro.so /vagrant/rexpro/ext/modules/rexpro.so
libtool: install: cp ./.libs/rexpro.lai /vagrant/rexpro/ext/modules/rexpro.la
libtool: finish: PATH="/usr/java/jdk1.7.0_55/bin:/usr/local/bin:/bin:/usr/bin:/usr/local/sbin:/usr/sbin:/sbin:/home/vagrant/bin:/sbin" ldconfig -n /vagrant/rexpro/ext/modules
----------------------------------------------------------------------
Libraries have been installed in:
   /vagrant/rexpro/ext/modules

If you ever happen to want to link against installed libraries
in a given directory, LIBDIR, you must either use libtool, and
specify the full pathname of the library, or use the `-LLIBDIR'
flag during linking and do at least one of the following:
   - add LIBDIR to the `LD_LIBRARY_PATH' environment variable
     during execution
   - add LIBDIR to the `LD_RUN_PATH' environment variable
     during linking
   - use the `-Wl,-rpath -Wl,LIBDIR' linker flag
   - have your system administrator add LIBDIR to `/etc/ld.so.conf'

See any operating system documentation about shared libraries for
more information, such as the ld(1) and ld.so(8) manual pages.
----------------------------------------------------------------------

Build complete.
Don't forget to run 'make test'.

Installing shared extensions:     /usr/lib64/php/modules/
Installing header files:          /usr/include/php/
